Padraig Hurley@padraighurley MINGW64 ~
$ cd MinimumWage

Padraig Hurley@padraighurley MINGW64 ~/MinimumWage (master)
$ git status
On branch master
Your branch is up-to-date with 'origin/master'.

nothing to commit, working tree clean

Padraig Hurley@padraighurley MINGW64 ~/MinimumWage (master)
$ git status
On branch master
Your branch is up-to-date with 'origin/master'.

Untracked files:
  (use "git add <file>..." to include in what will be committed)

        Beauty.bmp

nothing added to commit but untracked files present (use "git add" to track)

Padraig Hurley@padraighurley MINGW64 ~/MinimumWage (master)
$ git add -A

Padraig Hurley@padraighurley MINGW64 ~/MinimumWage (master)
$ git commit -a
[master ce586b2] Tis beautiful `
 1 file changed, 0 insertions(+), 0 deletions(-)
 create mode 100644 Beauty.bmp

Padraig Hurley@padraighurley MINGW64 ~/MinimumWage (master)
$ git push
Counting objects: 3, done.
Delta compression using up to 2 threads.
Compressing objects: 100% (2/2), done.
Writing objects: 100% (3/3), 322 bytes | 161.00 KiB/s, done.
Total 3 (delta 0), reused 0 (delta 0)
To https://github.com/QuiteTroubled/MinimumWage.git
   b798bd9..ce586b2  master -> master
